../Drivers/CMSIS/Include/core_cm7.h:2392:22:SCB_CleanDCache	24	static,ignoring_inline_asm
../Core/Src/bsp/disco_lcd.c:78:6:LCD_Init	8	static
../Core/Src/bsp/disco_lcd.c:106:6:LCD_DisplayOn	8	static
../Core/Src/bsp/disco_lcd.c:118:6:LCD_DisplayOff	8	static
../Core/Src/bsp/disco_lcd.c:132:6:LCD_SetTransparency	16	static
../Core/Src/bsp/disco_lcd.c:144:6:LCD_SetTransparency_NoReload	16	static
../Core/Src/bsp/disco_lcd.c:159:6:LCD_SetLayerWindow	24	static
../Core/Src/bsp/disco_lcd.c:177:6:LCD_SetLayerWindow_NoReload	24	static
../Core/Src/bsp/disco_lcd.c:194:6:LCD_SetColorKeying	16	static
../Core/Src/bsp/disco_lcd.c:207:6:LCD_SetColorKeying_NoReload	16	static
../Core/Src/bsp/disco_lcd.c:219:6:LCD_ResetColorKeying	16	static
../Core/Src/bsp/disco_lcd.c:230:6:LCD_ResetColorKeying_NoReload	16	static
../Core/Src/bsp/disco_lcd.c:243:6:LCD_Reload	16	static
../Core/Src/bsp/disco_lcd.c:254:6:LCD_SetStrokeColor	16	static
../Core/Src/bsp/disco_lcd.c:266:6:LCD_SetFillColor	16	static
../Core/Src/bsp/disco_lcd.c:279:6:LCD_SetBackColor	16	static
../Core/Src/bsp/disco_lcd.c:294:6:LCD_SetFont	16	static
../Core/Src/bsp/disco_lcd.c:308:10:LCD_ReadPixel	16	static
../Core/Src/bsp/disco_lcd.c:325:6:LCD_DrawPixel	16	static
../Core/Src/bsp/disco_lcd.c:338:6:LCD_FillPixel	16	static
../Core/Src/bsp/disco_lcd.c:350:6:LCD_ErasePixel	16	static
../Core/Src/bsp/disco_lcd.c:360:6:LCD_Clear	16	static
../Core/Src/bsp/disco_lcd.c:371:6:LCD_ClearStringAtLine	24	static
../Core/Src/bsp/disco_lcd.c:390:6:LCD_DrawChar	24	static
../Core/Src/bsp/disco_lcd.c:408:6:LCD_DrawString	40	static
../Core/Src/bsp/disco_lcd.c:469:6:LCD_DrawStringAtLine	24	static
../Core/Src/bsp/disco_lcd.c:481:6:LCD_DrawHLine	24	static
../Core/Src/bsp/disco_lcd.c:487:6:LCD_EraseHLine	24	static
../Core/Src/bsp/disco_lcd.c:496:13:DrawHLine	32	static
../Core/Src/bsp/disco_lcd.c:508:6:LCD_DrawVLine	24	static
../Core/Src/bsp/disco_lcd.c:514:6:LCD_EraseVLine	24	static
../Core/Src/bsp/disco_lcd.c:529:6:LCD_DrawLine	32	static
../Core/Src/bsp/disco_lcd.c:534:6:LCD_EraseLine	32	static
../Core/Src/bsp/disco_lcd.c:545:13:DrawLine	48	static
../Core/Src/bsp/disco_lcd.c:623:6:LCD_DrawRect	32	static
../Core/Src/bsp/disco_lcd.c:644:6:LCD_DrawCircle	40	static
../Core/Src/bsp/disco_lcd.c:692:6:LCD_DrawPolygon	40	static
../Core/Src/bsp/disco_lcd.c:722:6:LCD_DrawEllipse	64	static
../Core/Src/bsp/disco_lcd.c:760:6:LCD_DrawBitmap	48	static
../Core/Src/bsp/disco_lcd.c:823:6:LCD_FillRect	40	static
../Core/Src/bsp/disco_lcd.c:839:6:LCD_FillCircle	32	static
../Core/Src/bsp/disco_lcd.c:885:6:LCD_FillPolygon	64	static
../Core/Src/bsp/disco_lcd.c:955:6:LCD_FillEllipse	56	static
../Core/Src/bsp/disco_lcd.c:996:13:DrawChar	56	static
../Core/Src/bsp/disco_lcd.c:1057:13:FillTriangle	64	static
../Core/Src/bsp/disco_lcd.c:1138:13:LL_FillBuffer	32	static
../Core/Src/bsp/disco_lcd.c:1175:13:LL_ConvertLineToARGB8888	32	static
../Core/Src/bsp/disco_lcd.c:1217:17:ARGB888ToRGB565	32	static
