../Drivers/CMSIS/Include/core_cm7.h:2229:22:SCB_EnableICache	4	static,ignoring_inline_asm
../Drivers/CMSIS/Include/core_cm7.h:2265:22:SCB_InvalidateICache	4	static,ignoring_inline_asm
../Drivers/CMSIS/Include/core_cm7.h:2281:22:SCB_EnableDCache	24	static,ignoring_inline_asm
../Drivers/CMSIS/Include/core_cm7.h:2357:22:SCB_InvalidateDCache	24	static,ignoring_inline_asm
../Core/Src/main.c:163:5:sign	32	static
../Core/Src/main.c:174:5:main	72	static
../Core/Src/main.c:297:6:SystemClock_Config	88	static
../Core/Src/main.c:354:6:PeriphCommonClock_Config	144	static
../Core/Src/main.c:382:13:MX_ADC3_Init	24	static
../Core/Src/main.c:434:13:MX_CRC_Init	8	static
../Core/Src/main.c:465:13:MX_DCMI_Init	8	static
../Core/Src/main.c:502:13:MX_DMA2D_Init	8	static
../Core/Src/main.c:539:13:MX_I2C1_Init	8	static
../Core/Src/main.c:595:13:MX_I2C3_Init	8	static
../Core/Src/main.c:652:13:MX_LTDC_Init	64	static
../Core/Src/main.c:716:13:MX_QUADSPI_Init	8	static
../Core/Src/main.c:761:13:MX_RTC_Init	72	static
../Core/Src/main.c:857:13:MX_SAI2_Init	8	static
../Core/Src/main.c:941:13:MX_SDMMC1_SD_Init	4	static
../Core/Src/main.c:969:13:MX_SPDIFRX_Init	8	static
../Core/Src/main.c:1005:13:MX_TIM1_Init	112	static
../Core/Src/main.c:1085:13:MX_TIM2_Init	64	static
../Core/Src/main.c:1144:13:MX_TIM3_Init	64	static
../Core/Src/main.c:1203:13:MX_TIM5_Init	64	static
../Core/Src/main.c:1262:13:MX_TIM8_Init	40	static
../Core/Src/main.c:1309:13:MX_TIM12_Init	40	static
../Core/Src/main.c:1351:13:MX_USART1_UART_Init	8	static
../Core/Src/main.c:1386:13:MX_USART6_UART_Init	8	static
../Core/Src/main.c:1421:13:MX_DMA_Init	16	static
../Core/Src/main.c:1463:13:MX_FMC_Init	40	static
../Core/Src/main.c:1516:13:MX_GPIO_Init	72	static
../Core/Src/main.c:1680:6:Error	16	static
../Core/Src/main.c:1696:6:StartDefaultTask	40	static
../Core/Src/main.c:1732:6:startUITask	16	static
../Core/Src/main.c:1763:6:HAL_TIM_PeriodElapsedCallback	16	static
../Core/Src/main.c:1780:6:Error_Handler	8	static
