../Core/Src/stm32f7xx_hal_msp.c:71:6:HAL_MspInit	16	static
../Core/Src/stm32f7xx_hal_msp.c:95:6:HAL_ADC_MspInit	48	static
../Core/Src/stm32f7xx_hal_msp.c:140:6:HAL_ADC_MspDeInit	16	static
../Core/Src/stm32f7xx_hal_msp.c:176:6:HAL_CRC_MspInit	24	static
../Core/Src/stm32f7xx_hal_msp.c:198:6:HAL_CRC_MspDeInit	16	static
../Core/Src/stm32f7xx_hal_msp.c:220:6:HAL_DCMI_MspInit	64	static
../Core/Src/stm32f7xx_hal_msp.c:320:6:HAL_DCMI_MspDeInit	16	static
../Core/Src/stm32f7xx_hal_msp.c:372:6:HAL_DMA2D_MspInit	24	static
../Core/Src/stm32f7xx_hal_msp.c:397:6:HAL_DMA2D_MspDeInit	16	static
../Core/Src/stm32f7xx_hal_msp.c:422:6:HAL_I2C_MspInit	184	static
../Core/Src/stm32f7xx_hal_msp.c:505:6:HAL_I2C_MspDeInit	16	static
../Core/Src/stm32f7xx_hal_msp.c:556:6:HAL_LTDC_MspInit	64	static
../Core/Src/stm32f7xx_hal_msp.c:654:6:HAL_LTDC_MspDeInit	16	static
../Core/Src/stm32f7xx_hal_msp.c:721:6:HAL_QSPI_MspInit	56	static
../Core/Src/stm32f7xx_hal_msp.c:787:6:HAL_QSPI_MspDeInit	16	static
../Core/Src/stm32f7xx_hal_msp.c:826:6:HAL_RTC_MspInit	152	static
../Core/Src/stm32f7xx_hal_msp.c:859:6:HAL_RTC_MspDeInit	16	static
../Core/Src/stm32f7xx_hal_msp.c:881:6:HAL_SD_MspInit	48	static
../Core/Src/stm32f7xx_hal_msp.c:930:6:HAL_SD_MspDeInit	16	static
../Core/Src/stm32f7xx_hal_msp.c:966:6:HAL_SPDIFRX_MspInit	176	static
../Core/Src/stm32f7xx_hal_msp.c:1016:6:HAL_SPDIFRX_MspDeInit	16	static
../Core/Src/stm32f7xx_hal_msp.c:1044:6:HAL_TIM_Base_MspInit	40	static
../Core/Src/stm32f7xx_hal_msp.c:1110:6:HAL_TIM_PWM_MspInit	24	static
../Core/Src/stm32f7xx_hal_msp.c:1126:6:HAL_TIM_MspPostInit	56	static
../Core/Src/stm32f7xx_hal_msp.c:1241:6:HAL_TIM_Base_MspDeInit	16	static
../Core/Src/stm32f7xx_hal_msp.c:1307:6:HAL_TIM_PWM_MspDeInit	16	static
../Core/Src/stm32f7xx_hal_msp.c:1329:6:HAL_UART_MspInit	192	static
../Core/Src/stm32f7xx_hal_msp.c:1418:6:HAL_UART_MspDeInit	16	static
../Core/Src/stm32f7xx_hal_msp.c:1463:13:HAL_FMC_MspInit	32	static
../Core/Src/stm32f7xx_hal_msp.c:1576:6:HAL_SDRAM_MspInit	16	static
../Core/Src/stm32f7xx_hal_msp.c:1588:13:HAL_FMC_MspDeInit	8	static
../Core/Src/stm32f7xx_hal_msp.c:1662:6:HAL_SDRAM_MspDeInit	16	static
../Core/Src/stm32f7xx_hal_msp.c:1678:6:HAL_SAI_MspInit	48	static
../Core/Src/stm32f7xx_hal_msp.c:1782:6:HAL_SAI_MspDeInit	16	static
