../Core/Src/stm32f7xx_it.c:80:6:NMI_Handler	4	static
../Core/Src/stm32f7xx_it.c:95:6:HardFault_Handler	4	static
../Core/Src/stm32f7xx_it.c:110:6:MemManage_Handler	4	static
../Core/Src/stm32f7xx_it.c:125:6:BusFault_Handler	4	static
../Core/Src/stm32f7xx_it.c:140:6:UsageFault_Handler	4	static
../Core/Src/stm32f7xx_it.c:155:6:DebugMon_Handler	4	static
../Core/Src/stm32f7xx_it.c:175:6:EXTI15_10_IRQHandler	8	static
../Core/Src/stm32f7xx_it.c:189:6:TIM6_DAC_IRQHandler	8	static
../Core/Src/stm32f7xx_it.c:203:6:DMA2_Stream0_IRQHandler	8	static
../Core/Src/stm32f7xx_it.c:219:6:DMA2_Stream1_IRQHandler	8	static
../Core/Src/stm32f7xx_it.c:235:6:DMA2_Stream4_IRQHandler	8	static
../Core/Src/stm32f7xx_it.c:251:6:OTG_FS_IRQHandler	8	static
../Core/Src/stm32f7xx_it.c:265:6:DMA2_Stream7_IRQHandler	8	static
../Core/Src/stm32f7xx_it.c:281:6:OTG_HS_IRQHandler	8	static
../Core/Src/stm32f7xx_it.c:295:6:DCMI_IRQHandler	8	static
../Core/Src/stm32f7xx_it.c:311:6:DMA2D_IRQHandler	8	static
../Core/Src/stm32f7xx_it.c:327:6:QUADSPI_IRQHandler	8	static
